// Vitest Snapshot v1, https://vitest.dev/guide/snapshot.html

exports[`can record > can record 1`] = `
{
  "current": "inactive",
  "inactive": true,
  "paused": false,
  "recording": false,
}
`;

exports[`can record > can record 2`] = `
{
  "current": "recording",
  "inactive": false,
  "paused": false,
  "recording": true,
}
`;

exports[`can record > can record 3`] = `
{
  "current": "inactive",
  "inactive": true,
  "paused": false,
  "recording": false,
}
`;
