// Vitest Snapshot v1, https://vitest.dev/guide/snapshot.html

exports[`class: AudioRecorder > can record 1`] = `
{
  "current": "inactive",
  "inactive": true,
  "paused": false,
  "recording": false,
}
`;

exports[`class: AudioRecorder > can record 2`] = `
{
  "current": "recording",
  "inactive": false,
  "paused": false,
  "recording": true,
}
`;

exports[`class: AudioRecorder > can record 3`] = `
{
  "current": "paused",
  "inactive": false,
  "paused": true,
  "recording": false,
}
`;

exports[`class: AudioRecorder > can record 4`] = `
{
  "current": "recording",
  "inactive": false,
  "paused": false,
  "recording": true,
}
`;

exports[`class: AudioRecorder > can record 5`] = `
{
  "current": "inactive",
  "inactive": true,
  "paused": false,
  "recording": false,
}
`;
